// Jest Snapshot v1, https://goo.gl/fbAQLP

exports[`Comments renders successfully 1`] = `
<RCTSafeAreaView
  emulateUnlessSupported={true}
>
  <View
    style={
      Object {
        "alignItems": "center",
        "borderBottomColor": "rgba(0, 0, 0, 0.1)",
        "borderBottomWidth": 0.5,
        "height": 40,
        "justifyContent": "center",
      }
    }
  >
    <View
      accessible={true}
      collapsable={false}
      focusable={true}
      onClick={[Function]}
      onResponderGrant={[Function]}
      onResponderMove={[Function]}
      onResponderRelease={[Function]}
      onResponderTerminate={[Function]}
      onResponderTerminationRequest={[Function]}
      onStartShouldSetResponder={[Function]}
      style={
        Object {
          "bottom": 0,
          "justifyContent": "center",
          "left": 20,
          "opacity": 1,
          "position": "absolute",
          "top": 0,
        }
      }
    >
      <Text>
        close
      </Text>
    </View>
    <Text
      style={
        Object {
          "fontWeight": "500",
        }
      }
    >
      Comments
    </Text>
  </View>
  <View
    style={
      Object {
        "borderBottomColor": "rgba(0, 0, 0, 0.1)",
        "borderBottomWidth": 0.5,
        "height": 60,
        "paddingHorizontal": 20,
      }
    }
  >
    <TextInput
      onChangeText={[Function]}
      onSubmitEditing={[Function]}
      placeholder="Leave a comment"
      style={
        Object {
          "flex": 1,
        }
      }
      underlineColorAndroid="transparent"
      value=""
    />
  </View>
  <RCTScrollView>
    <View>
      <View
        style={
          Object {
            "borderBottomColor": "rgba(0, 0, 0, 0.05)",
            "borderBottomWidth": 0.5,
            "marginLeft": 20,
            "paddingRight": 20,
            "paddingVertical": 20,
          }
        }
      >
        <Text>
          Comment
        </Text>
      </View>
    </View>
  </RCTScrollView>
</RCTSafeAreaView>
`;
